Microchip MPLAB XC8 Compiler V2.20

Linker command line:

-W-3 --edf=C:\Program Files\Microchip\xc8\v2.20\pic\dat\en_msgs.txt -cn \
  -h+dist/default/production\Project.X.production.sym \
  --cmf=dist/default/production\Project.X.production.cmf -z -Q18F4520 \
  -oC:\Users\omavh\AppData\Local\Temp\sev8.2 --defsym=__MPLAB_BUILD=1 \
  -Mdist/default/production/Project.X.production.map -E1 -ver=XC8 Compiler \
  --acfsm=1493 -ASTACK=080h-05FFh -pstack=STACK -ACODE=00h-07FFFh \
  -ACONST=00h-07FFFh -ASMALLCONST=0600h-06FFhx122 \
  -AMEDIUMCONST=0600h-07FFFh -ACOMRAM=01h-07Fh -AABS1=00h-05FFh \
  -ABIGRAM=01h-05FFh -ARAM=080h-0FFh,0100h-01FFhx5 -ABANK0=080h-0FFh \
  -ABANK1=0100h-01FFh -ABANK2=0200h-02FFh -ABANK3=0300h-03FFh \
  -ABANK4=0400h-04FFh -ABANK5=0500h-05FFh -ASFR=0F80h-0FFFh \
  -ACONFIG=0300000h-030000Dh -AIDLOC=0200000h-0200007h \
  -preset_vec=00h,intcode=08h,intcodelo,powerup,init -pramtop=0600h \
  -psmallconst=SMALLCONST -pmediumconst=MEDIUMCONST -pconst=CONST \
  -AFARRAM=00h-00h -AEEDATA=0F00000h-0F000FFh -peeprom_data=EEDATA \
  -prdata=COMRAM,nvrram=COMRAM,nvbit=COMRAM,rbss=COMRAM,rbit=COMRAM \
  -pfarbss=FARRAM,fardata=FARRAM,nvFARRAM=FARRAM \
  -pintsave_regs=BIGRAM,bigbss=BIGRAM,bigdata=BIGRAM -pbss=RAM \
  -pidata=CODE,irdata=CODE,ibigdata=CODE,ifardata=CODE -prparam=COMRAM \
  C:\Users\omavh\AppData\Local\Temp\sev8.o \
  dist/default/production\Project.X.production.o 

Object code version is 3.11

Machine type is 18F4520



                Name                               Link     Load   Length Selector   Space Scale
C:\Users\omavh\AppData\Local\Temp\sev8.o
                idloc                            200000   200000        8        0       5
                config                           300000   300000        E        0       4
                init                                  E        E        4        4       0
                reset_vec                             0        0        4        0       0
dist/default/production\Project.X.production.o
                intcode                               8        8        6        4       0
                idloc                            200000   200000        8        0       5
                config                           300000   300000        E        0       4
                temp                                 42       42        1        1       1
                smallconst                          600      600       42      300       0
                intcode_body                       133E     133E       1E      321       0
                text7                               642      642      4C0      321       0
                text6                               B02      B02      39A      321       0
                text5                              116E     116E      106      321       0
                text4                               E9C      E9C      1B4      321       0
                text3                              1274     1274       94      321       0
                text2                              1372     1372       16      321       0
                text1                              1308     1308       36      321       0
                text0                              1050     1050      11E      321       0
                cstackCOMRAM                          1        1       3F        1       1
                bssCOMRAM                            40       40        2        1       1
                cinit                              135C     135C       16      321       0

TOTAL           Name                               Link     Load   Length     Space
        CLASS   STACK          

        CLASS   CODE           
                intcode                               8        8        6         0
                init                                  E        E        4         0
                reset_vec                             0        0        4         0
                intcode_body                       133E     133E       1E         0
                text7                               642      642      4C0         0
                text6                               B02      B02      39A         0
                text5                              116E     116E      106         0
                text4                               E9C      E9C      1B4         0
                text3                              1274     1274       94         0
                text2                              1372     1372       16         0
                text1                              1308     1308       36         0
                text0                              1050     1050      11E         0
                cinit                              135C     135C       16         0

        CLASS   CONST          

        CLASS   SMALLCONST     
                smallconst                          600      600       42         0

        CLASS   MEDIUMCONST    

        CLASS   COMRAM         
                temp                                 42       42        1         1
                cstackCOMRAM                          1        1       3F         1
                bssCOMRAM                            40       40        2         1

        CLASS   ABS1           

        CLASS   BIGRAM         

        CLASS   RAM            

        CLASS   BANK0          

        CLASS   BANK1          

        CLASS   BANK2          

        CLASS   BANK3          

        CLASS   BANK4          

        CLASS   BANK5          

        CLASS   SFR            

        CLASS   CONFIG         
                config                           300000   300000        E         4

        CLASS   IDLOC          
                idloc                            200000   200000        8         5

        CLASS   FARRAM         

        CLASS   EEDATA         



SEGMENTS        Name                           Load    Length   Top    Selector   Space  Class

                reset_vec                      000000  000004  000004         0       0  CODE    
                cstackCOMRAM                   000001  000042  000043         1       1  COMRAM  
                intcode                        000008  00000A  000012         4       0  CODE    
                smallconst                     000600  000042  000642       300       0  SMALLCON
                text7                          000642  000D46  001388       321       0  CODE    


UNUSED ADDRESS RANGES

        Name                Unused          Largest block    Delta
        BANK0            000080-0000FF               80
        BANK1            000100-0001FF              100
        BANK2            000200-0002FF              100
        BANK3            000300-0003FF              100
        BANK4            000400-0004FF              100
        BANK5            000500-0005FF              100
        BIGRAM           000043-0005FF              5BD
        CODE             000004-000007                4
                         000012-0005FF              5EE
                         001388-007FFF             6C78
        COMRAM           000043-00007F               3D
        CONST            000004-000007                4
                         000012-0005FF              5EE
                         001388-007FFF             6C78
        EEDATA           F00000-F000FF              100
        MEDIUMCONST      001388-007FFF             6C78
        RAM              000080-0005FF              100
        SFR              000F80-000FFF               80
        SMALLCONST       001388-007FFF              100
        STACK            000080-0005FF              580

                                  Symbol Table

?___fladd                   cstackCOMRAM 000028
?___fldiv                   cstackCOMRAM 00000F
?___fltol                   cstackCOMRAM 000001
?___xxtofl                  cstackCOMRAM 000001
USART_init@baud_rate        cstackCOMRAM 000038
USART_init@temp             cstackCOMRAM 00003C
USART_send_string@out       cstackCOMRAM 000002
USART_tx_char@out           cstackCOMRAM 000001
_INTCON3bits                (abs)        000FF0
_INTCONbits                 (abs)        000FF2
_OSCCON                     (abs)        000FD3
_PORTBbits                  (abs)        000F81
_RCONbits                   (abs)        000FD0
_RCSTA                      (abs)        000FAB
_SPBRG                      (abs)        000FAF
_TRISBbits                  (abs)        000F93
_TRISC6                     (abs)        007CA6
_TRISC7                     (abs)        007CA7
_TXIF                       (abs)        007CF4
_TXREG                      (abs)        000FAD
_TXSTA                      (abs)        000FAC
_USART_init                 text3        001274
_USART_send_string          text1        001308
_USART_tx_char              text2        001372
__HRAM                      (abs)        000000
__Habs1                     abs1         000000
__Hbank0                    bank0        000000
__Hbank1                    bank1        000000
__Hbank2                    bank2        000000
__Hbank3                    bank3        000000
__Hbank4                    bank4        000000
__Hbank5                    bank5        000000
__Hbigbss                   bigbss       000000
__Hbigdata                  bigdata      000000
__Hbigram                   bigram       000000
__Hbss                      bss          000000
__HbssCOMRAM                bssCOMRAM    000000
__Hcinit                    cinit        000000
__Hclrtext                  clrtext      000000
__Hcomram                   comram       000000
__Hconfig                   config       30000E
__Hconst                    const        000000
__HcstackCOMRAM             cstackCOMRAM 000000
__Hdata                     data         000000
__Heeprom_data              eeprom_data  000000
__Hfarbss                   farbss       000000
__Hfardata                  fardata      000000
__Hibigdata                 ibigdata     000000
__Hidata                    idata        000000
__Hidloc                    idloc        200008
__Hifardata                 ifardata     000000
__Hinit                     init         000012
__Hintcode                  intcode      00000E
__Hintcode_body             intcode_body 000000
__Hintcodelo                intcodelo    00000E
__Hintentry                 intentry     000000
__Hintret                   intret       000000
__Hintsave_regs             intsave_regs 000000
__Hirdata                   irdata       000000
__Hmediumconst              mediumconst  000000
__HnvFARRAM                 nvFARRAM     000000
__Hnvbit                    nvbit        000000
__Hnvrram                   nvrram       000000
__Hparam                    rparam       000000
__Hpowerup                  powerup      00000E
__Hram                      ram          000000
__Hramtop                   ramtop       000600
__Hrbit                     rbit         000000
__Hrbss                     rbss         000000
__Hrdata                    rdata        000000
__Hreset_vec                reset_vec    000004
__Hrparam                   rparam       000000
__Hsfr                      sfr          000000
__Hsmallconst               smallconst   000642
__Hspace_0                  (abs)        001388
__Hspace_1                  (abs)        000043
__Hspace_2                  (abs)        000000
__Hspace_4                  (abs)        60000E
__Hstack                    stack        000000
__Hstruct                   struct       000000
__Htemp                     temp         000043
__Htext                     text         000000
__Htext0                    text0        000000
__Htext1                    text1        000000
__Htext2                    text2        000000
__Htext3                    text3        000000
__Htext4                    text4        000000
__Htext5                    text5        000000
__Htext6                    text6        000000
__Htext7                    text7        000000
__LRAM                      (abs)        000001
__Labs1                     abs1         000000
__Lbank0                    bank0        000000
__Lbank1                    bank1        000000
__Lbank2                    bank2        000000
__Lbank3                    bank3        000000
__Lbank4                    bank4        000000
__Lbank5                    bank5        000000
__Lbigbss                   bigbss       000000
__Lbigdata                  bigdata      000000
__Lbigram                   bigram       000000
__Lbss                      bss          000000
__LbssCOMRAM                bssCOMRAM    000000
__Lcinit                    cinit        000000
__Lclrtext                  clrtext      000000
__Lcomram                   comram       000000
__Lconfig                   config       000000
__Lconst                    const        000000
__LcstackCOMRAM             cstackCOMRAM 000000
__Ldata                     data         000000
__Leeprom_data              eeprom_data  000000
__Lfarbss                   farbss       000000
__Lfardata                  fardata      000000
__Libigdata                 ibigdata     000000
__Lidata                    idata        000000
__Lidloc                    idloc        000000
__Lifardata                 ifardata     000000
__Linit                     init         00000E
__Lintcode                  intcode      000008
__Lintcode_body             intcode_body 000000
__Lintcodelo                intcodelo    00000E
__Lintentry                 intentry     000000
__Lintret                   intret       000000
__Lintsave_regs             intsave_regs 000000
__Lirdata                   irdata       000000
__Lmediumconst              mediumconst  000000
__LnvFARRAM                 nvFARRAM     000000
__Lnvbit                    nvbit        000000
__Lnvrram                   nvrram       000000
__Lparam                    rparam       000000
__Lpowerup                  powerup      00000E
__Lram                      ram          000000
__Lramtop                   ramtop       000600
__Lrbit                     rbit         000000
__Lrbss                     rbss         000000
__Lrdata                    rdata        000000
__Lreset_vec                reset_vec    000000
__Lrparam                   rparam       000000
__Lsfr                      sfr          000000
__Lsmallconst               smallconst   000600
__Lspace_0                  (abs)        000000
__Lspace_1                  (abs)        000000
__Lspace_2                  (abs)        000000
__Lspace_4                  (abs)        000000
__Lstack                    stack        000000
__Lstruct                   struct       000000
__Ltemp                     temp         000042
__Ltext                     text         000000
__Ltext0                    text0        000000
__Ltext1                    text1        000000
__Ltext2                    text2        000000
__Ltext3                    text3        000000
__Ltext4                    text4        000000
__Ltext5                    text5        000000
__Ltext6                    text6        000000
__Ltext7                    text7        000000
__S0                        (abs)        001388
__S1                        (abs)        000043
__S2                        (abs)        000000
__S4                        (abs)        000000
__S5                        (abs)        000000
___fladd                    text7        000642
___fladd@a                  cstackCOMRAM 00002C
___fladd@aexp               cstackCOMRAM 000035
___fladd@b                  cstackCOMRAM 000028
___fladd@bexp               cstackCOMRAM 000036
___fladd@grs                cstackCOMRAM 000037
___fladd@signs              cstackCOMRAM 000034
___fldiv                    text6        000B02
___fldiv@a                  cstackCOMRAM 000013
___fldiv@aexp               cstackCOMRAM 000027
___fldiv@b                  cstackCOMRAM 00000F
___fldiv@bexp               cstackCOMRAM 000026
___fldiv@grs                cstackCOMRAM 000022
___fldiv@new_exp            cstackCOMRAM 000020
___fldiv@rem                cstackCOMRAM 00001B
___fldiv@sign               cstackCOMRAM 00001F
___fltol                    text5        00116E
___fltol@exp1               cstackCOMRAM 00000A
___fltol@f1                 cstackCOMRAM 000001
___fltol@sign1              cstackCOMRAM 000009
___inthi_sp                 stack        000000
___intlo_sp                 stack        000000
___param_bank               (abs)        000000
___rparam_used              (abs)        000001
___sp                       stack        000000
___xxtofl                   text4        000E9C
___xxtofl@arg               cstackCOMRAM 00000B
___xxtofl@exp               cstackCOMRAM 00000A
___xxtofl@sign              cstackCOMRAM 000009
___xxtofl@val               cstackCOMRAM 000001
__accesstop                 (abs)        000080
__activetblptr              (abs)        000001
__end_of_USART_init         text3        001308
__end_of_USART_send_string  text1        00133E
__end_of_USART_tx_char      text2        001388
__end_of___fladd            text7        000B02
__end_of___fldiv            text6        000E9C
__end_of___fltol            text5        001274
__end_of___xxtofl           text4        001050
__end_of__initialization    cinit        001360
__end_of_main               text0        00116E
__end_of_myISR              intcode_body 00135C
__initialization            cinit        00135C
__mediumconst               mediumconst  000000
__pbssCOMRAM                bssCOMRAM    000040
__pcinit                    cinit        00135C
__pcstackCOMRAM             cstackCOMRAM 000001
__pintcode                  intcode      000008
__pintcode_body             intcode_body 00133E
__psmallconst               smallconst   000600
__ptext0                    text0        001050
__ptext1                    text1        001308
__ptext2                    text2        001372
__ptext3                    text3        001274
__ptext4                    text4        000E9C
__ptext5                    text5        00116E
__ptext6                    text6        000B02
__ptext7                    text7        000642
__ramtop                    ramtop       000600
__size_of_USART_init        (abs)        000000
__size_of_USART_send_string (abs)        000000
__size_of_USART_tx_char     (abs)        000000
__size_of___fladd           (abs)        000000
__size_of___fldiv           (abs)        000000
__size_of___fltol           (abs)        000000
__size_of___xxtofl          (abs)        000000
__size_of_main              (abs)        000000
__size_of_myISR             (abs)        000000
__smallconst                smallconst   000600
_flag                       bssCOMRAM    000040
_main                       text0        001050
_myISR                      intcode      000008
btemp                       temp         000042
end_of_initialization       cinit        001360
int$flags                   temp         000042
int_func                    intcode_body 00133E
intlevel0                   text         000000
intlevel1                   text         000000
intlevel2                   text         000000
intlevel3                   text         000000
stackhi                     (abs)        0005FF
stacklo                     (abs)        000080
start                       init         00000E
start_initialization        cinit        00135C
ttemp5                      temp         000043
ttemp6                      temp         000046
ttemp7                      temp         00004A
wtemp8                      temp         000043


FUNCTION INFORMATION:

 *************** function _main *****************
 Defined at:
		line 16 in file "main.c"
 Parameters:    Size  Location     Type
		None
 Auto vars:     Size  Location     Type
		None
 Return value:  Size  Location     Type
                  1    wreg      void 
 Registers used:
		wreg, status,2, status,0, tblptrl, tblptrh, tblptru, cstack
 Tracked objects:
		On entry : 
		On exit  : 
		Unchanged: 
 Data sizes:     COMRAM   BANK0   BANK1   BANK2   BANK3   BANK4   BANK5
      Params:         0       0       0       0       0       0       0
      Locals:         0       0       0       0       0       0       0
      Temps:          0       0       0       0       0       0       0
      Totals:         0       0       0       0       0       0       0
Total ram usage:        0 bytes
 Hardware stack levels required when called:    3
 This function calls:
		_USART_init
		_USART_send_string
 This function is called by:
		Startup code after reset
 This function uses a non-reentrant model


 *************** function _USART_send_string *****************
 Defined at:
		line 33 in file "usart.c"
 Parameters:    Size  Location     Type
  out             2    1[COMRAM] PTR const unsigned char 
		 -> STR_7(6), STR_6(8), STR_5(10), STR_4(9), 
		 -> STR_3(20), STR_2(5), STR_1(5), 
 Auto vars:     Size  Location     Type
		None
 Return value:  Size  Location     Type
                  1    wreg      void 
 Registers used:
		wreg, status,2, status,0, tblptrl, tblptrh, tblptru, cstack
 Tracked objects:
		On entry : 
		On exit  : 
		Unchanged: 
 Data sizes:     COMRAM   BANK0   BANK1   BANK2   BANK3   BANK4   BANK5
      Params:         2       0       0       0       0       0       0
      Locals:         0       0       0       0       0       0       0
      Temps:          0       0       0       0       0       0       0
      Totals:         2       0       0       0       0       0       0
Total ram usage:        2 bytes
 Hardware stack levels used:    1
 Hardware stack levels required when called:    2
 This function calls:
		_USART_tx_char
 This function is called by:
		_main
 This function uses a non-reentrant model


 *************** function _USART_tx_char *****************
 Defined at:
		line 16 in file "usart.c"
 Parameters:    Size  Location     Type
  out             1    wreg     unsigned char 
 Auto vars:     Size  Location     Type
  out             1    0[COMRAM] unsigned char 
 Return value:  Size  Location     Type
                  1    wreg      void 
 Registers used:
		wreg
 Tracked objects:
		On entry : 
		On exit  : 
		Unchanged: 
 Data sizes:     COMRAM   BANK0   BANK1   BANK2   BANK3   BANK4   BANK5
      Params:         0       0       0       0       0       0       0
      Locals:         1       0       0       0       0       0       0
      Temps:          0       0       0       0       0       0       0
      Totals:         1       0       0       0       0       0       0
Total ram usage:        1 bytes
 Hardware stack levels used:    1
 Hardware stack levels required when called:    1
 This function calls:
		Nothing
 This function is called by:
		_USART_send_string
 This function uses a non-reentrant model


 *************** function _USART_init *****************
 Defined at:
		line 3 in file "usart.c"
 Parameters:    Size  Location     Type
  baud_rate       4   55[COMRAM] long 
 Auto vars:     Size  Location     Type
  temp            4   59[COMRAM] float 
 Return value:  Size  Location     Type
                  1    wreg      void 
 Registers used:
		wreg, status,2, status,0, cstack
 Tracked objects:
		On entry : 
		On exit  : 
		Unchanged: 
 Data sizes:     COMRAM   BANK0   BANK1   BANK2   BANK3   BANK4   BANK5
      Params:         4       0       0       0       0       0       0
      Locals:         4       0       0       0       0       0       0
      Temps:          0       0       0       0       0       0       0
      Totals:         8       0       0       0       0       0       0
Total ram usage:        8 bytes
 Hardware stack levels used:    1
 Hardware stack levels required when called:    2
 This function calls:
		___fladd
		___fldiv
		___fltol
		___xxtofl
 This function is called by:
		_main
 This function uses a non-reentrant model


 *************** function ___xxtofl *****************
 Defined at:
		line 10 in file "C:\Program Files\Microchip\xc8\v2.20\pic\sources\c99\common\xxtofl.c"
 Parameters:    Size  Location     Type
  sign            1    wreg     unsigned char 
  val             4    0[COMRAM] long 
 Auto vars:     Size  Location     Type
  sign            1    8[COMRAM] unsigned char 
  arg             4   10[COMRAM] unsigned long 
  exp             1    9[COMRAM] unsigned char 
 Return value:  Size  Location     Type
                  4    0[COMRAM] unsigned char 
 Registers used:
		wreg, status,2, status,0
 Tracked objects:
		On entry : 
		On exit  : 
		Unchanged: 
 Data sizes:     COMRAM   BANK0   BANK1   BANK2   BANK3   BANK4   BANK5
      Params:         4       0       0       0       0       0       0
      Locals:         6       0       0       0       0       0       0
      Temps:          4       0       0       0       0       0       0
      Totals:        14       0       0       0       0       0       0
Total ram usage:       14 bytes
 Hardware stack levels used:    1
 Hardware stack levels required when called:    1
 This function calls:
		Nothing
 This function is called by:
		_USART_init
 This function uses a non-reentrant model


 *************** function ___fltol *****************
 Defined at:
		line 43 in file "C:\Program Files\Microchip\xc8\v2.20\pic\sources\c99\common\fltol.c"
 Parameters:    Size  Location     Type
  f1              4    0[COMRAM] unsigned char 
 Auto vars:     Size  Location     Type
  exp1            1    9[COMRAM] unsigned char 
  sign1           1    8[COMRAM] unsigned char 
 Return value:  Size  Location     Type
                  4    0[COMRAM] long 
 Registers used:
		wreg, status,2, status,0
 Tracked objects:
		On entry : 
		On exit  : 
		Unchanged: 
 Data sizes:     COMRAM   BANK0   BANK1   BANK2   BANK3   BANK4   BANK5
      Params:         4       0       0       0       0       0       0
      Locals:         2       0       0       0       0       0       0
      Temps:          4       0       0       0       0       0       0
      Totals:        10       0       0       0       0       0       0
Total ram usage:       10 bytes
 Hardware stack levels used:    1
 Hardware stack levels required when called:    1
 This function calls:
		Nothing
 This function is called by:
		_USART_init
 This function uses a non-reentrant model


 *************** function ___fldiv *****************
 Defined at:
		line 11 in file "C:\Program Files\Microchip\xc8\v2.20\pic\sources\c99\common\sprcdiv.c"
 Parameters:    Size  Location     Type
  b               4   14[COMRAM] long 
  a               4   18[COMRAM] long 
 Auto vars:     Size  Location     Type
  grs             4   33[COMRAM] unsigned long 
  rem             4   26[COMRAM] unsigned long 
  new_exp         2   31[COMRAM] short 
  aexp            1   38[COMRAM] unsigned char 
  bexp            1   37[COMRAM] unsigned char 
  sign            1   30[COMRAM] unsigned char 
 Return value:  Size  Location     Type
                  4   14[COMRAM] unsigned char 
 Registers used:
		wreg, status,2, status,0
 Tracked objects:
		On entry : 
		On exit  : 
		Unchanged: 
 Data sizes:     COMRAM   BANK0   BANK1   BANK2   BANK3   BANK4   BANK5
      Params:         8       0       0       0       0       0       0
      Locals:        13       0       0       0       0       0       0
      Temps:          4       0       0       0       0       0       0
      Totals:        25       0       0       0       0       0       0
Total ram usage:       25 bytes
 Hardware stack levels used:    1
 Hardware stack levels required when called:    1
 This function calls:
		Nothing
 This function is called by:
		_USART_init
 This function uses a non-reentrant model


 *************** function ___fladd *****************
 Defined at:
		line 10 in file "C:\Program Files\Microchip\xc8\v2.20\pic\sources\c99\common\sprcadd.c"
 Parameters:    Size  Location     Type
  b               4   39[COMRAM] unsigned char 
  a               4   43[COMRAM] unsigned char 
 Auto vars:     Size  Location     Type
  grs             1   54[COMRAM] unsigned char 
  bexp            1   53[COMRAM] unsigned char 
  aexp            1   52[COMRAM] unsigned char 
  signs           1   51[COMRAM] unsigned char 
 Return value:  Size  Location     Type
                  4   39[COMRAM] unsigned char 
 Registers used:
		wreg, status,2, status,0
 Tracked objects:
		On entry : 
		On exit  : 
		Unchanged: 
 Data sizes:     COMRAM   BANK0   BANK1   BANK2   BANK3   BANK4   BANK5
      Params:         8       0       0       0       0       0       0
      Locals:         4       0       0       0       0       0       0
      Temps:          4       0       0       0       0       0       0
      Totals:        16       0       0       0       0       0       0
Total ram usage:       16 bytes
 Hardware stack levels used:    1
 Hardware stack levels required when called:    1
 This function calls:
		Nothing
 This function is called by:
		_USART_init
 This function uses a non-reentrant model


 *************** function _myISR *****************
 Defined at:
		line 8 in file "main.c"
 Parameters:    Size  Location     Type
		None
 Auto vars:     Size  Location     Type
		None
 Return value:  Size  Location     Type
                  1    wreg      void 
 Registers used:
		wreg, status,2
 Tracked objects:
		On entry : 
		On exit  : 
		Unchanged: 
 Data sizes:     COMRAM   BANK0   BANK1   BANK2   BANK3   BANK4   BANK5
      Params:         0       0       0       0       0       0       0
      Locals:         0       0       0       0       0       0       0
      Temps:          0       0       0       0       0       0       0
      Totals:         0       0       0       0       0       0       0
Total ram usage:        0 bytes
 Hardware stack levels used:    1
 This function calls:
		Nothing
 This function is called by:
		Interrupt level 2
 This function uses a non-reentrant model



MODULE INFORMATION

Module		Function		Class		Link	Load	Size
C:\Program Files\Microchip\xc8\v2.20\pic\sources\c99\common\sprcadd.c
		___fladd       		CODE           	0642	0000	1217

C:\Program Files\Microchip\xc8\v2.20\pic\sources\c99\common\sprcadd.c estimated size: 1217

usart.c
		_USART_send_string		CODE           	1308	0000	55
		_USART_tx_char 		CODE           	1372	0000	23
		_USART_init    		CODE           	1274	0000	149

usart.c estimated size: 227

shared
		__initialization		CODE           	135C	0000	5

shared estimated size: 5

C:\Program Files\Microchip\xc8\v2.20\pic\sources\c99\common\sprcdiv.c
		___fldiv       		CODE           	0B02	0000	923

C:\Program Files\Microchip\xc8\v2.20\pic\sources\c99\common\sprcdiv.c estimated size: 923

C:\Program Files\Microchip\xc8\v2.20\pic\sources\c99\common\fltol.c
		___fltol       		CODE           	116E	0000	263

C:\Program Files\Microchip\xc8\v2.20\pic\sources\c99\common\fltol.c estimated size: 263

main.c
		_myISR         		CODE           	0008	0000	37
		_main          		CODE           	1050	0000	287

main.c estimated size: 324

C:\Program Files\Microchip\xc8\v2.20\pic\sources\c99\common\xxtofl.c
		___xxtofl      		CODE           	0E9C	0000	437

C:\Program Files\Microchip\xc8\v2.20\pic\sources\c99\common\xxtofl.c estimated size: 437

